// Jest Snapshot v1, https://goo.gl/fbAQLP

exports[`<AlertDiaLog /> should render correctly 1`] = `null`;
